[2022-03-10T00:35:05.468+0000][gc] Using G1
[2022-03-10T00:35:05.535+0000][gc,init] Version: 15.0.2+7 (release)
[2022-03-10T00:35:05.535+0000][gc,init] CPUs: 10 total, 2 available
[2022-03-10T00:35:05.535+0000][gc,init] Memory: 6144M
[2022-03-10T00:35:05.535+0000][gc,init] Large Page Support: Disabled
[2022-03-10T00:35:05.535+0000][gc,init] NUMA Support: Disabled
[2022-03-10T00:35:05.535+0000][gc,init] Compressed Oops: Enabled (32-bit)
[2022-03-10T00:35:05.535+0000][gc,init] Heap Region Size: 1M
[2022-03-10T00:35:05.535+0000][gc,init] Heap Min Capacity: 1768M
[2022-03-10T00:35:05.535+0000][gc,init] Heap Initial Capacity: 1768M
[2022-03-10T00:35:05.535+0000][gc,init] Heap Max Capacity: 1768M
[2022-03-10T00:35:05.535+0000][gc,init] Pre-touch: Disabled
[2022-03-10T00:35:05.535+0000][gc,init] Parallel Workers: 2
[2022-03-10T00:35:05.535+0000][gc,init] Concurrent Workers: 1
[2022-03-10T00:35:05.535+0000][gc,init] Concurrent Refinement Workers: 2
[2022-03-10T00:35:05.535+0000][gc,init] Periodic GC: Disabled
[2022-03-10T00:35:05.536+0000][gc,cds ] Mark closed archive regions in map: [0x00000000fff00000, 0x00000000fff7bff8]
[2022-03-10T00:35:05.536+0000][gc,cds ] Mark open archive regions in map: [0x00000000ffe00000, 0x00000000ffe51ff8]
[2022-03-10T00:35:05.536+0000][gc,metaspace] CDS archive(s) mapped at: [0x0000000800000000-0x0000000800b2b000-0x0000000800b2b000), size 11710464, SharedBaseAddress: 0x0000000800000000, ArchiveRelocationMode: 0.
[2022-03-10T00:35:05.536+0000][gc,metaspace] Compressed class space mapped at: 0x0000000800b2c000-0x0000000840b2c000, size: 1073741824
[2022-03-10T00:35:05.536+0000][gc,metaspace] Narrow klass base: 0x0000000800000000, Narrow klass shift: 3, Narrow klass range: 0x100000000
[2022-03-10T00:35:07.531+0000][gc,start    ] GC(0) Pause Young (Concurrent Start) (Metadata GC Threshold)
[2022-03-10T00:35:07.531+0000][gc,task     ] GC(0) Using 2 workers of 2 for evacuation
[2022-03-10T00:35:07.546+0000][gc,phases   ] GC(0)   Pre Evacuate Collection Set: 0.5ms
[2022-03-10T00:35:07.546+0000][gc,phases   ] GC(0)   Merge Heap Roots: 0.3ms
[2022-03-10T00:35:07.546+0000][gc,phases   ] GC(0)   Evacuate Collection Set: 12.2ms
[2022-03-10T00:35:07.546+0000][gc,phases   ] GC(0)   Post Evacuate Collection Set: 1.4ms
[2022-03-10T00:35:07.546+0000][gc,phases   ] GC(0)   Other: 0.9ms
[2022-03-10T00:35:07.546+0000][gc,heap     ] GC(0) Eden regions: 57->0(80)
[2022-03-10T00:35:07.546+0000][gc,heap     ] GC(0) Survivor regions: 0->8(11)
[2022-03-10T00:35:07.546+0000][gc,heap     ] GC(0) Old regions: 0->0
[2022-03-10T00:35:07.546+0000][gc,heap     ] GC(0) Archive regions: 2->2
[2022-03-10T00:35:07.546+0000][gc,heap     ] GC(0) Humongous regions: 129->129
[2022-03-10T00:35:07.547+0000][gc,metaspace] GC(0) Metaspace: 20677K(21248K)->20677K(21248K) NonClass: 17955K(18432K)->17955K(18432K) Class: 2722K(2816K)->2722K(2816K)
[2022-03-10T00:35:07.547+0000][gc          ] GC(0) Pause Young (Concurrent Start) (Metadata GC Threshold) 186M->137M(1768M) 15.529ms
[2022-03-10T00:35:07.547+0000][gc,cpu      ] GC(0) User=0.03s Sys=0.01s Real=0.01s
[2022-03-10T00:35:07.547+0000][gc          ] GC(1) Concurrent Cycle
[2022-03-10T00:35:07.547+0000][gc,marking  ] GC(1) Concurrent Clear Claimed Marks
[2022-03-10T00:35:07.547+0000][gc,marking  ] GC(1) Concurrent Clear Claimed Marks 0.039ms
[2022-03-10T00:35:07.547+0000][gc,marking  ] GC(1) Concurrent Scan Root Regions
[2022-03-10T00:35:07.552+0000][gc,marking  ] GC(1) Concurrent Scan Root Regions 5.260ms
[2022-03-10T00:35:07.552+0000][gc,marking  ] GC(1) Concurrent Mark (2.091s)
[2022-03-10T00:35:07.552+0000][gc,marking  ] GC(1) Concurrent Mark From Roots
[2022-03-10T00:35:07.552+0000][gc,task     ] GC(1) Using 1 workers of 1 for marking
[2022-03-10T00:35:07.557+0000][gc,marking  ] GC(1) Concurrent Mark From Roots 4.485ms
[2022-03-10T00:35:07.557+0000][gc,marking  ] GC(1) Concurrent Preclean
[2022-03-10T00:35:07.557+0000][gc,marking  ] GC(1) Concurrent Preclean 0.064ms
[2022-03-10T00:35:07.557+0000][gc,marking  ] GC(1) Concurrent Mark (2.091s, 2.096s) 4.614ms
[2022-03-10T00:35:07.557+0000][gc,start    ] GC(1) Pause Remark
[2022-03-10T00:35:07.559+0000][gc          ] GC(1) Pause Remark 138M->138M(1768M) 1.952ms
[2022-03-10T00:35:07.559+0000][gc,cpu      ] GC(1) User=0.01s Sys=0.00s Real=0.01s
[2022-03-10T00:35:07.559+0000][gc,marking  ] GC(1) Concurrent Rebuild Remembered Sets
[2022-03-10T00:35:07.561+0000][gc,marking  ] GC(1) Concurrent Rebuild Remembered Sets 1.076ms
[2022-03-10T00:35:07.562+0000][gc,start    ] GC(1) Pause Cleanup
[2022-03-10T00:35:07.562+0000][gc          ] GC(1) Pause Cleanup 138M->138M(1768M) 0.287ms
[2022-03-10T00:35:07.562+0000][gc,cpu      ] GC(1) User=0.01s Sys=0.00s Real=0.00s
[2022-03-10T00:35:07.562+0000][gc,marking  ] GC(1) Concurrent Cleanup for Next Mark
[2022-03-10T00:35:07.591+0000][gc,marking  ] GC(1) Concurrent Cleanup for Next Mark 29.302ms
[2022-03-10T00:35:07.592+0000][gc          ] GC(1) Concurrent Cycle 44.884ms
[2022-03-10T00:53:32.314+0000][gc,start    ] GC(2) Pause Young (Normal) (G1 Evacuation Pause)
[2022-03-10T00:53:32.314+0000][gc,task     ] GC(2) Using 2 workers of 2 for evacuation
[2022-03-10T00:53:32.350+0000][gc,mmu      ] GC(2) MMU target violated: 21.0ms (20.0ms/21.0ms)
[2022-03-10T00:53:32.350+0000][gc,phases   ] GC(2)   Pre Evacuate Collection Set: 2.7ms
[2022-03-10T00:53:32.350+0000][gc,phases   ] GC(2)   Merge Heap Roots: 0.1ms
[2022-03-10T00:53:32.350+0000][gc,phases   ] GC(2)   Evacuate Collection Set: 32.0ms
[2022-03-10T00:53:32.350+0000][gc,phases   ] GC(2)   Post Evacuate Collection Set: 1.3ms
[2022-03-10T00:53:32.350+0000][gc,phases   ] GC(2)   Other: 0.4ms
[2022-03-10T00:53:32.350+0000][gc,heap     ] GC(2) Eden regions: 80->0(82)
[2022-03-10T00:53:32.350+0000][gc,heap     ] GC(2) Survivor regions: 8->6(11)
[2022-03-10T00:53:32.350+0000][gc,heap     ] GC(2) Old regions: 0->8
[2022-03-10T00:53:32.350+0000][gc,heap     ] GC(2) Archive regions: 2->2
[2022-03-10T00:53:32.350+0000][gc,heap     ] GC(2) Humongous regions: 129->129
[2022-03-10T00:53:32.350+0000][gc,metaspace] GC(2) Metaspace: 35159K(36048K)->35159K(36048K) NonClass: 30968K(31696K)->30968K(31696K) Class: 4190K(4352K)->4190K(4352K)
[2022-03-10T00:53:32.350+0000][gc          ] GC(2) Pause Young (Normal) (G1 Evacuation Pause) 217M->142M(1768M) 36.583ms
[2022-03-10T00:53:32.350+0000][gc,cpu      ] GC(2) User=0.06s Sys=0.01s Real=0.03s
[2022-03-10T00:53:32.678+0000][gc,start    ] GC(3) Pause Young (Concurrent Start) (Metadata GC Threshold)
[2022-03-10T00:53:32.678+0000][gc,task     ] GC(3) Using 2 workers of 2 for evacuation
[2022-03-10T00:53:32.694+0000][gc,phases   ] GC(3)   Pre Evacuate Collection Set: 0.5ms
[2022-03-10T00:53:32.694+0000][gc,phases   ] GC(3)   Merge Heap Roots: 0.2ms
[2022-03-10T00:53:32.694+0000][gc,phases   ] GC(3)   Evacuate Collection Set: 14.3ms
[2022-03-10T00:53:32.694+0000][gc,phases   ] GC(3)   Post Evacuate Collection Set: 1.0ms
[2022-03-10T00:53:32.694+0000][gc,phases   ] GC(3)   Other: 0.6ms
[2022-03-10T00:53:32.694+0000][gc,heap     ] GC(3) Eden regions: 10->0(87)
[2022-03-10T00:53:32.694+0000][gc,heap     ] GC(3) Survivor regions: 6->1(11)
[2022-03-10T00:53:32.694+0000][gc,heap     ] GC(3) Old regions: 8->13
[2022-03-10T00:53:32.694+0000][gc,heap     ] GC(3) Archive regions: 2->2
[2022-03-10T00:53:32.694+0000][gc,heap     ] GC(3) Humongous regions: 129->129
[2022-03-10T00:53:32.694+0000][gc,metaspace] GC(3) Metaspace: 35302K(36048K)->35302K(36048K) NonClass: 31111K(31696K)->31111K(31696K) Class: 4190K(4352K)->4190K(4352K)
[2022-03-10T00:53:32.695+0000][gc          ] GC(3) Pause Young (Concurrent Start) (Metadata GC Threshold) 151M->143M(1768M) 16.827ms
[2022-03-10T00:53:32.695+0000][gc,cpu      ] GC(3) User=0.02s Sys=0.01s Real=0.02s
[2022-03-10T00:53:32.695+0000][gc          ] GC(4) Concurrent Cycle
[2022-03-10T00:53:32.695+0000][gc,marking  ] GC(4) Concurrent Clear Claimed Marks
[2022-03-10T00:53:32.695+0000][gc,marking  ] GC(4) Concurrent Clear Claimed Marks 0.045ms
[2022-03-10T00:53:32.695+0000][gc,marking  ] GC(4) Concurrent Scan Root Regions
[2022-03-10T00:53:32.702+0000][gc,marking  ] GC(4) Concurrent Scan Root Regions 6.834ms
[2022-03-10T00:53:32.702+0000][gc,marking  ] GC(4) Concurrent Mark (1107.241s)
[2022-03-10T00:53:32.702+0000][gc,marking  ] GC(4) Concurrent Mark From Roots
[2022-03-10T00:53:32.702+0000][gc,task     ] GC(4) Using 1 workers of 1 for marking
[2022-03-10T00:53:32.720+0000][gc,marking  ] GC(4) Concurrent Mark From Roots 18.268ms
[2022-03-10T00:53:32.720+0000][gc,marking  ] GC(4) Concurrent Preclean
[2022-03-10T00:53:32.720+0000][gc,marking  ] GC(4) Concurrent Preclean 0.083ms
[2022-03-10T00:53:32.720+0000][gc,marking  ] GC(4) Concurrent Mark (1107.241s, 1107.259s) 18.449ms
[2022-03-10T00:53:32.721+0000][gc,start    ] GC(4) Pause Remark
[2022-03-10T00:53:32.725+0000][gc          ] GC(4) Pause Remark 144M->144M(1768M) 4.633ms
[2022-03-10T00:53:32.725+0000][gc,cpu      ] GC(4) User=0.01s Sys=0.00s Real=0.00s
[2022-03-10T00:53:32.725+0000][gc,marking  ] GC(4) Concurrent Rebuild Remembered Sets
[2022-03-10T00:53:32.742+0000][gc,marking  ] GC(4) Concurrent Rebuild Remembered Sets 16.904ms
[2022-03-10T00:53:32.743+0000][gc,start    ] GC(4) Pause Cleanup
[2022-03-10T00:53:32.743+0000][gc          ] GC(4) Pause Cleanup 145M->145M(1768M) 0.382ms
[2022-03-10T00:53:32.744+0000][gc,cpu      ] GC(4) User=0.00s Sys=0.00s Real=0.00s
[2022-03-10T00:53:32.744+0000][gc,marking  ] GC(4) Concurrent Cleanup for Next Mark
[2022-03-10T00:53:32.774+0000][gc,marking  ] GC(4) Concurrent Cleanup for Next Mark 30.013ms
[2022-03-10T00:53:32.774+0000][gc          ] GC(4) Concurrent Cycle 79.130ms
[2022-03-10T00:58:59.479+0000][gc,start    ] GC(5) Pause Young (Normal) (G1 Evacuation Pause)
[2022-03-10T00:58:59.479+0000][gc,task     ] GC(5) Using 2 workers of 2 for evacuation
[2022-03-10T00:58:59.499+0000][gc,phases   ] GC(5)   Pre Evacuate Collection Set: 1.0ms
[2022-03-10T00:58:59.499+0000][gc,phases   ] GC(5)   Merge Heap Roots: 0.2ms
[2022-03-10T00:58:59.499+0000][gc,phases   ] GC(5)   Evacuate Collection Set: 17.4ms
[2022-03-10T00:58:59.499+0000][gc,phases   ] GC(5)   Post Evacuate Collection Set: 0.8ms
[2022-03-10T00:58:59.499+0000][gc,phases   ] GC(5)   Other: 0.3ms
[2022-03-10T00:58:59.499+0000][gc,heap     ] GC(5) Eden regions: 87->0(81)
[2022-03-10T00:58:59.499+0000][gc,heap     ] GC(5) Survivor regions: 1->7(11)
[2022-03-10T00:58:59.499+0000][gc,heap     ] GC(5) Old regions: 13->13
[2022-03-10T00:58:59.499+0000][gc,heap     ] GC(5) Archive regions: 2->2
[2022-03-10T00:58:59.499+0000][gc,heap     ] GC(5) Humongous regions: 129->129
[2022-03-10T00:58:59.499+0000][gc,metaspace] GC(5) Metaspace: 37825K(38736K)->37825K(38736K) NonClass: 33379K(34000K)->33379K(34000K) Class: 4445K(4736K)->4445K(4736K)
[2022-03-10T00:58:59.499+0000][gc          ] GC(5) Pause Young (Normal) (G1 Evacuation Pause) 230M->148M(1768M) 19.913ms
[2022-03-10T00:58:59.499+0000][gc,cpu      ] GC(5) User=0.04s Sys=0.00s Real=0.02s
[2022-03-10T01:05:13.384+0000][gc,start    ] GC(6) Pause Young (Normal) (G1 Evacuation Pause)
[2022-03-10T01:05:13.384+0000][gc,task     ] GC(6) Using 2 workers of 2 for evacuation
[2022-03-10T01:05:13.409+0000][gc,mmu      ] GC(6) MMU target violated: 21.0ms (20.0ms/21.0ms)
[2022-03-10T01:05:13.409+0000][gc,phases   ] GC(6)   Pre Evacuate Collection Set: 2.8ms
[2022-03-10T01:05:13.409+0000][gc,phases   ] GC(6)   Merge Heap Roots: 0.2ms
[2022-03-10T01:05:13.409+0000][gc,phases   ] GC(6)   Evacuate Collection Set: 20.6ms
[2022-03-10T01:05:13.409+0000][gc,phases   ] GC(6)   Post Evacuate Collection Set: 1.2ms
[2022-03-10T01:05:13.409+0000][gc,phases   ] GC(6)   Other: 0.5ms
[2022-03-10T01:05:13.409+0000][gc,heap     ] GC(6) Eden regions: 81->0(84)
[2022-03-10T01:05:13.409+0000][gc,heap     ] GC(6) Survivor regions: 7->4(11)
[2022-03-10T01:05:13.409+0000][gc,heap     ] GC(6) Old regions: 13->17
[2022-03-10T01:05:13.409+0000][gc,heap     ] GC(6) Archive regions: 2->2
[2022-03-10T01:05:13.409+0000][gc,heap     ] GC(6) Humongous regions: 129->129
[2022-03-10T01:05:13.409+0000][gc,metaspace] GC(6) Metaspace: 37923K(38736K)->37923K(38736K) NonClass: 33471K(34000K)->33471K(34000K) Class: 4451K(4736K)->4451K(4736K)
[2022-03-10T01:05:13.409+0000][gc          ] GC(6) Pause Young (Normal) (G1 Evacuation Pause) 229M->150M(1768M) 25.360ms
[2022-03-10T01:05:13.409+0000][gc,cpu      ] GC(6) User=0.05s Sys=0.00s Real=0.02s
[2022-03-10T01:11:45.586+0000][gc,start    ] GC(7) Pause Young (Normal) (G1 Evacuation Pause)
[2022-03-10T01:11:45.586+0000][gc,task     ] GC(7) Using 2 workers of 2 for evacuation
[2022-03-10T01:11:45.612+0000][gc,mmu      ] GC(7) MMU target violated: 21.0ms (20.0ms/21.0ms)
[2022-03-10T01:11:45.612+0000][gc,phases   ] GC(7)   Pre Evacuate Collection Set: 2.2ms
[2022-03-10T01:11:45.612+0000][gc,phases   ] GC(7)   Merge Heap Roots: 0.2ms
[2022-03-10T01:11:45.612+0000][gc,phases   ] GC(7)   Evacuate Collection Set: 22.2ms
[2022-03-10T01:11:45.612+0000][gc,phases   ] GC(7)   Post Evacuate Collection Set: 1.1ms
[2022-03-10T01:11:45.612+0000][gc,phases   ] GC(7)   Other: 0.4ms
[2022-03-10T01:11:45.612+0000][gc,heap     ] GC(7) Eden regions: 84->0(79)
[2022-03-10T01:11:45.612+0000][gc,heap     ] GC(7) Survivor regions: 4->9(11)
[2022-03-10T01:11:45.612+0000][gc,heap     ] GC(7) Old regions: 17->17
[2022-03-10T01:11:45.612+0000][gc,heap     ] GC(7) Archive regions: 2->2
[2022-03-10T01:11:45.612+0000][gc,heap     ] GC(7) Humongous regions: 129->129
[2022-03-10T01:11:45.612+0000][gc,metaspace] GC(7) Metaspace: 38196K(38992K)->38196K(38992K) NonClass: 33717K(34256K)->33717K(34256K) Class: 4479K(4736K)->4479K(4736K)
[2022-03-10T01:11:45.613+0000][gc          ] GC(7) Pause Young (Normal) (G1 Evacuation Pause) 234M->154M(1768M) 26.156ms
[2022-03-10T01:11:45.613+0000][gc,cpu      ] GC(7) User=0.05s Sys=0.00s Real=0.03s
[2022-03-10T01:18:13.857+0000][gc,start    ] GC(8) Pause Young (Normal) (G1 Evacuation Pause)
[2022-03-10T01:18:13.857+0000][gc,task     ] GC(8) Using 2 workers of 2 for evacuation
[2022-03-10T01:18:13.887+0000][gc,mmu      ] GC(8) MMU target violated: 21.0ms (20.0ms/21.0ms)
[2022-03-10T01:18:13.887+0000][gc,phases   ] GC(8)   Pre Evacuate Collection Set: 1.1ms
[2022-03-10T01:18:13.887+0000][gc,phases   ] GC(8)   Merge Heap Roots: 0.2ms
[2022-03-10T01:18:13.887+0000][gc,phases   ] GC(8)   Evacuate Collection Set: 27.9ms
[2022-03-10T01:18:13.887+0000][gc,phases   ] GC(8)   Post Evacuate Collection Set: 0.9ms
[2022-03-10T01:18:13.888+0000][gc,phases   ] GC(8)   Other: 0.5ms
[2022-03-10T01:18:13.888+0000][gc,heap     ] GC(8) Eden regions: 79->0(78)
[2022-03-10T01:18:13.888+0000][gc,heap     ] GC(8) Survivor regions: 9->10(11)
[2022-03-10T01:18:13.888+0000][gc,heap     ] GC(8) Old regions: 17->20
[2022-03-10T01:18:13.888+0000][gc,heap     ] GC(8) Archive regions: 2->2
[2022-03-10T01:18:13.888+0000][gc,heap     ] GC(8) Humongous regions: 129->129
[2022-03-10T01:18:13.888+0000][gc,metaspace] GC(8) Metaspace: 38315K(39248K)->38315K(39248K) NonClass: 33828K(34512K)->33828K(34512K) Class: 4487K(4736K)->4487K(4736K)
[2022-03-10T01:18:13.888+0000][gc          ] GC(8) Pause Young (Normal) (G1 Evacuation Pause) 233M->158M(1768M) 30.534ms
[2022-03-10T01:18:13.888+0000][gc,cpu      ] GC(8) User=0.06s Sys=0.00s Real=0.03s
[2022-03-10T01:24:39.631+0000][gc,start    ] GC(9) Pause Young (Normal) (G1 Evacuation Pause)
[2022-03-10T01:24:39.631+0000][gc,task     ] GC(9) Using 2 workers of 2 for evacuation
[2022-03-10T01:24:39.661+0000][gc,mmu      ] GC(9) MMU target violated: 21.0ms (20.0ms/21.0ms)
[2022-03-10T01:24:39.661+0000][gc,phases   ] GC(9)   Pre Evacuate Collection Set: 2.5ms
[2022-03-10T01:24:39.661+0000][gc,phases   ] GC(9)   Merge Heap Roots: 0.2ms
[2022-03-10T01:24:39.661+0000][gc,phases   ] GC(9)   Evacuate Collection Set: 25.8ms
[2022-03-10T01:24:39.661+0000][gc,phases   ] GC(9)   Post Evacuate Collection Set: 0.6ms
[2022-03-10T01:24:39.661+0000][gc,phases   ] GC(9)   Other: 0.6ms
[2022-03-10T01:24:39.661+0000][gc,heap     ] GC(9) Eden regions: 78->0(84)
[2022-03-10T01:24:39.661+0000][gc,heap     ] GC(9) Survivor regions: 10->4(11)
[2022-03-10T01:24:39.661+0000][gc,heap     ] GC(9) Old regions: 20->27
[2022-03-10T01:24:39.661+0000][gc,heap     ] GC(9) Archive regions: 2->2
[2022-03-10T01:24:39.661+0000][gc,heap     ] GC(9) Humongous regions: 129->129
[2022-03-10T01:24:39.661+0000][gc,metaspace] GC(9) Metaspace: 38332K(39248K)->38332K(39248K) NonClass: 33845K(34512K)->33845K(34512K) Class: 4487K(4736K)->4487K(4736K)
[2022-03-10T01:24:39.661+0000][gc          ] GC(9) Pause Young (Normal) (G1 Evacuation Pause) 236M->160M(1768M) 29.766ms
[2022-03-10T01:24:39.661+0000][gc,cpu      ] GC(9) User=0.05s Sys=0.00s Real=0.03s
[2022-03-10T01:31:37.805+0000][gc,start    ] GC(10) Pause Young (Normal) (G1 Evacuation Pause)
[2022-03-10T01:31:37.805+0000][gc,task     ] GC(10) Using 2 workers of 2 for evacuation
[2022-03-10T01:31:37.828+0000][gc,mmu      ] GC(10) MMU target violated: 21.0ms (20.0ms/21.0ms)
[2022-03-10T01:31:37.828+0000][gc,phases   ] GC(10)   Pre Evacuate Collection Set: 1.3ms
[2022-03-10T01:31:37.828+0000][gc,phases   ] GC(10)   Merge Heap Roots: 0.1ms
[2022-03-10T01:31:37.828+0000][gc,phases   ] GC(10)   Evacuate Collection Set: 21.3ms
[2022-03-10T01:31:37.828+0000][gc,phases   ] GC(10)   Post Evacuate Collection Set: 0.7ms
[2022-03-10T01:31:37.828+0000][gc,phases   ] GC(10)   Other: 0.5ms
[2022-03-10T01:31:37.828+0000][gc,heap     ] GC(10) Eden regions: 84->0(79)
[2022-03-10T01:31:37.828+0000][gc,heap     ] GC(10) Survivor regions: 4->9(11)
[2022-03-10T01:31:37.828+0000][gc,heap     ] GC(10) Old regions: 27->27
[2022-03-10T01:31:37.828+0000][gc,heap     ] GC(10) Archive regions: 2->2
[2022-03-10T01:31:37.829+0000][gc,heap     ] GC(10) Humongous regions: 129->129
[2022-03-10T01:31:37.829+0000][gc,metaspace] GC(10) Metaspace: 38350K(39248K)->38350K(39248K) NonClass: 33863K(34512K)->33863K(34512K) Class: 4487K(4736K)->4487K(4736K)
[2022-03-10T01:31:37.829+0000][gc          ] GC(10) Pause Young (Normal) (G1 Evacuation Pause) 244M->165M(1768M) 23.967ms
[2022-03-10T01:31:37.829+0000][gc,cpu      ] GC(10) User=0.04s Sys=0.00s Real=0.02s
[2022-03-10T01:37:56.486+0000][gc,start    ] GC(11) Pause Young (Normal) (G1 Evacuation Pause)
[2022-03-10T01:37:56.486+0000][gc,task     ] GC(11) Using 2 workers of 2 for evacuation
[2022-03-10T01:37:56.517+0000][gc,mmu      ] GC(11) MMU target violated: 21.0ms (20.0ms/21.0ms)
[2022-03-10T01:37:56.517+0000][gc,phases   ] GC(11)   Pre Evacuate Collection Set: 0.9ms
[2022-03-10T01:37:56.517+0000][gc,phases   ] GC(11)   Merge Heap Roots: 0.2ms
[2022-03-10T01:37:56.517+0000][gc,phases   ] GC(11)   Evacuate Collection Set: 29.1ms
[2022-03-10T01:37:56.517+0000][gc,phases   ] GC(11)   Post Evacuate Collection Set: 0.7ms
[2022-03-10T01:37:56.517+0000][gc,phases   ] GC(11)   Other: 0.4ms
[2022-03-10T01:37:56.517+0000][gc,heap     ] GC(11) Eden regions: 79->0(77)
[2022-03-10T01:37:56.517+0000][gc,heap     ] GC(11) Survivor regions: 9->11(11)
[2022-03-10T01:37:56.517+0000][gc,heap     ] GC(11) Old regions: 27->30
[2022-03-10T01:37:56.517+0000][gc,heap     ] GC(11) Archive regions: 2->2
[2022-03-10T01:37:56.517+0000][gc,heap     ] GC(11) Humongous regions: 129->129
[2022-03-10T01:37:56.517+0000][gc,metaspace] GC(11) Metaspace: 38388K(39248K)->38388K(39248K) NonClass: 33894K(34512K)->33894K(34512K) Class: 4493K(4736K)->4493K(4736K)
[2022-03-10T01:37:56.517+0000][gc          ] GC(11) Pause Young (Normal) (G1 Evacuation Pause) 244M->170M(1768M) 31.320ms
[2022-03-10T01:37:56.517+0000][gc,cpu      ] GC(11) User=0.06s Sys=0.00s Real=0.03s
[2022-03-10T01:44:18.610+0000][gc,start    ] GC(12) Pause Young (Normal) (G1 Evacuation Pause)
[2022-03-10T01:44:18.610+0000][gc,task     ] GC(12) Using 2 workers of 2 for evacuation
[2022-03-10T01:44:18.631+0000][gc,mmu      ] GC(12) MMU target violated: 21.0ms (20.0ms/21.0ms)
[2022-03-10T01:44:18.632+0000][gc,phases   ] GC(12)   Pre Evacuate Collection Set: 1.8ms
[2022-03-10T01:44:18.632+0000][gc,phases   ] GC(12)   Merge Heap Roots: 0.2ms
[2022-03-10T01:44:18.632+0000][gc,phases   ] GC(12)   Evacuate Collection Set: 18.9ms
[2022-03-10T01:44:18.632+0000][gc,phases   ] GC(12)   Post Evacuate Collection Set: 0.7ms
[2022-03-10T01:44:18.632+0000][gc,phases   ] GC(12)   Other: 0.4ms
[2022-03-10T01:44:18.632+0000][gc,heap     ] GC(12) Eden regions: 77->0(86)
[2022-03-10T01:44:18.632+0000][gc,heap     ] GC(12) Survivor regions: 11->2(11)
[2022-03-10T01:44:18.632+0000][gc,heap     ] GC(12) Old regions: 30->37
[2022-03-10T01:44:18.632+0000][gc,heap     ] GC(12) Archive regions: 2->2
[2022-03-10T01:44:18.632+0000][gc,heap     ] GC(12) Humongous regions: 129->129
[2022-03-10T01:44:18.632+0000][gc,metaspace] GC(12) Metaspace: 38416K(39248K)->38416K(39248K) NonClass: 33923K(34512K)->33923K(34512K) Class: 4493K(4736K)->4493K(4736K)
[2022-03-10T01:44:18.632+0000][gc          ] GC(12) Pause Young (Normal) (G1 Evacuation Pause) 247M->168M(1768M) 22.321ms
[2022-03-10T01:44:18.632+0000][gc,cpu      ] GC(12) User=0.04s Sys=0.00s Real=0.03s
[2022-03-10T01:51:26.486+0000][gc,start    ] GC(13) Pause Young (Normal) (G1 Evacuation Pause)
[2022-03-10T01:51:26.486+0000][gc,task     ] GC(13) Using 2 workers of 2 for evacuation
[2022-03-10T01:51:26.506+0000][gc,mmu      ] GC(13) MMU target violated: 20.0ms (20.0ms/21.0ms)
[2022-03-10T01:51:26.507+0000][gc,phases   ] GC(13)   Pre Evacuate Collection Set: 1.4ms
[2022-03-10T01:51:26.507+0000][gc,phases   ] GC(13)   Merge Heap Roots: 0.1ms
[2022-03-10T01:51:26.507+0000][gc,phases   ] GC(13)   Evacuate Collection Set: 17.8ms
[2022-03-10T01:51:26.507+0000][gc,phases   ] GC(13)   Post Evacuate Collection Set: 0.7ms
[2022-03-10T01:51:26.507+0000][gc,phases   ] GC(13)   Other: 0.5ms
[2022-03-10T01:51:26.507+0000][gc,heap     ] GC(13) Eden regions: 86->0(81)
[2022-03-10T01:51:26.507+0000][gc,heap     ] GC(13) Survivor regions: 2->7(11)
[2022-03-10T01:51:26.507+0000][gc,heap     ] GC(13) Old regions: 37->37
[2022-03-10T01:51:26.507+0000][gc,heap     ] GC(13) Archive regions: 2->2
[2022-03-10T01:51:26.507+0000][gc,heap     ] GC(13) Humongous regions: 129->129
[2022-03-10T01:51:26.507+0000][gc,metaspace] GC(13) Metaspace: 38433K(39248K)->38433K(39248K) NonClass: 33939K(34512K)->33939K(34512K) Class: 4493K(4736K)->4493K(4736K)
[2022-03-10T01:51:26.507+0000][gc          ] GC(13) Pause Young (Normal) (G1 Evacuation Pause) 254M->173M(1768M) 20.662ms
[2022-03-10T01:51:26.507+0000][gc,cpu      ] GC(13) User=0.04s Sys=0.00s Real=0.02s
[2022-03-10T01:58:06.834+0000][gc,start    ] GC(14) Pause Young (Normal) (G1 Evacuation Pause)
[2022-03-10T01:58:06.834+0000][gc,task     ] GC(14) Using 2 workers of 2 for evacuation
[2022-03-10T01:58:06.861+0000][gc,mmu      ] GC(14) MMU target violated: 21.0ms (20.0ms/21.0ms)
[2022-03-10T01:58:06.862+0000][gc,phases   ] GC(14)   Pre Evacuate Collection Set: 2.4ms
[2022-03-10T01:58:06.862+0000][gc,phases   ] GC(14)   Merge Heap Roots: 0.2ms
[2022-03-10T01:58:06.862+0000][gc,phases   ] GC(14)   Evacuate Collection Set: 23.7ms
[2022-03-10T01:58:06.862+0000][gc,phases   ] GC(14)   Post Evacuate Collection Set: 1.0ms
[2022-03-10T01:58:06.862+0000][gc,phases   ] GC(14)   Other: 0.4ms
[2022-03-10T01:58:06.862+0000][gc,heap     ] GC(14) Eden regions: 81->0(83)
[2022-03-10T01:58:06.862+0000][gc,heap     ] GC(14) Survivor regions: 7->5(11)
[2022-03-10T01:58:06.862+0000][gc,heap     ] GC(14) Old regions: 37->42
[2022-03-10T01:58:06.862+0000][gc,heap     ] GC(14) Archive regions: 2->2
[2022-03-10T01:58:06.862+0000][gc,heap     ] GC(14) Humongous regions: 129->129
[2022-03-10T01:58:06.862+0000][gc,metaspace] GC(14) Metaspace: 38438K(39248K)->38438K(39248K) NonClass: 33944K(34512K)->33944K(34512K) Class: 4493K(4736K)->4493K(4736K)
[2022-03-10T01:58:06.862+0000][gc          ] GC(14) Pause Young (Normal) (G1 Evacuation Pause) 254M->176M(1768M) 27.905ms
[2022-03-10T01:58:06.862+0000][gc,cpu      ] GC(14) User=0.05s Sys=0.01s Real=0.03s
[2022-03-10T02:04:58.685+0000][gc,start    ] GC(15) Pause Young (Normal) (G1 Evacuation Pause)
[2022-03-10T02:04:58.685+0000][gc,task     ] GC(15) Using 2 workers of 2 for evacuation
[2022-03-10T02:04:58.708+0000][gc,mmu      ] GC(15) MMU target violated: 21.0ms (20.0ms/21.0ms)
[2022-03-10T02:04:58.708+0000][gc,phases   ] GC(15)   Pre Evacuate Collection Set: 1.6ms
[2022-03-10T02:04:58.708+0000][gc,phases   ] GC(15)   Merge Heap Roots: 0.2ms
[2022-03-10T02:04:58.708+0000][gc,phases   ] GC(15)   Evacuate Collection Set: 19.8ms
[2022-03-10T02:04:58.708+0000][gc,phases   ] GC(15)   Post Evacuate Collection Set: 0.7ms
[2022-03-10T02:04:58.708+0000][gc,phases   ] GC(15)   Other: 0.5ms
[2022-03-10T02:04:58.708+0000][gc,heap     ] GC(15) Eden regions: 83->0(79)
[2022-03-10T02:04:58.708+0000][gc,heap     ] GC(15) Survivor regions: 5->9(11)
[2022-03-10T02:04:58.708+0000][gc,heap     ] GC(15) Old regions: 42->42
[2022-03-10T02:04:58.708+0000][gc,heap     ] GC(15) Archive regions: 2->2
[2022-03-10T02:04:58.708+0000][gc,heap     ] GC(15) Humongous regions: 129->129
[2022-03-10T02:04:58.708+0000][gc,metaspace] GC(15) Metaspace: 38440K(39248K)->38440K(39248K) NonClass: 33947K(34512K)->33947K(34512K) Class: 4493K(4736K)->4493K(4736K)
[2022-03-10T02:04:58.708+0000][gc          ] GC(15) Pause Young (Normal) (G1 Evacuation Pause) 259M->179M(1768M) 22.799ms
[2022-03-10T02:04:58.708+0000][gc,cpu      ] GC(15) User=0.04s Sys=0.00s Real=0.02s
[2022-03-10T02:11:31.486+0000][gc,start    ] GC(16) Pause Young (Normal) (G1 Evacuation Pause)
[2022-03-10T02:11:31.486+0000][gc,task     ] GC(16) Using 2 workers of 2 for evacuation
[2022-03-10T02:11:31.514+0000][gc,mmu      ] GC(16) MMU target violated: 21.0ms (20.0ms/21.0ms)
[2022-03-10T02:11:31.517+0000][gc,phases   ] GC(16)   Pre Evacuate Collection Set: 1.1ms
[2022-03-10T02:11:31.517+0000][gc,phases   ] GC(16)   Merge Heap Roots: 0.1ms
[2022-03-10T02:11:31.517+0000][gc,phases   ] GC(16)   Evacuate Collection Set: 26.0ms
[2022-03-10T02:11:31.517+0000][gc,phases   ] GC(16)   Post Evacuate Collection Set: 0.9ms
[2022-03-10T02:11:31.517+0000][gc,phases   ] GC(16)   Other: 2.8ms
[2022-03-10T02:11:31.517+0000][gc,heap     ] GC(16) Eden regions: 79->0(80)
[2022-03-10T02:11:31.517+0000][gc,heap     ] GC(16) Survivor regions: 9->8(11)
[2022-03-10T02:11:31.517+0000][gc,heap     ] GC(16) Old regions: 42->45
[2022-03-10T02:11:31.517+0000][gc,heap     ] GC(16) Archive regions: 2->2
[2022-03-10T02:11:31.517+0000][gc,heap     ] GC(16) Humongous regions: 129->129
[2022-03-10T02:11:31.517+0000][gc,metaspace] GC(16) Metaspace: 38463K(39248K)->38463K(39248K) NonClass: 33969K(34512K)->33969K(34512K) Class: 4493K(4736K)->4493K(4736K)
[2022-03-10T02:11:31.517+0000][gc          ] GC(16) Pause Young (Normal) (G1 Evacuation Pause) 258M->182M(1768M) 31.075ms
[2022-03-10T02:11:31.517+0000][gc,cpu      ] GC(16) User=0.05s Sys=0.00s Real=0.03s
[2022-03-10T02:18:07.228+0000][gc,start    ] GC(17) Pause Young (Normal) (G1 Evacuation Pause)
[2022-03-10T02:18:07.228+0000][gc,task     ] GC(17) Using 2 workers of 2 for evacuation
[2022-03-10T02:18:07.259+0000][gc,mmu      ] GC(17) MMU target violated: 21.0ms (20.0ms/21.0ms)
[2022-03-10T02:18:07.259+0000][gc,phases   ] GC(17)   Pre Evacuate Collection Set: 1.3ms
[2022-03-10T02:18:07.259+0000][gc,phases   ] GC(17)   Merge Heap Roots: 0.2ms
[2022-03-10T02:18:07.259+0000][gc,phases   ] GC(17)   Evacuate Collection Set: 28.2ms
[2022-03-10T02:18:07.259+0000][gc,phases   ] GC(17)   Post Evacuate Collection Set: 0.7ms
[2022-03-10T02:18:07.259+0000][gc,phases   ] GC(17)   Other: 0.5ms
[2022-03-10T02:18:07.259+0000][gc,heap     ] GC(17) Eden regions: 80->0(79)
[2022-03-10T02:18:07.259+0000][gc,heap     ] GC(17) Survivor regions: 8->9(11)
[2022-03-10T02:18:07.259+0000][gc,heap     ] GC(17) Old regions: 45->49
[2022-03-10T02:18:07.259+0000][gc,heap     ] GC(17) Archive regions: 2->2
[2022-03-10T02:18:07.259+0000][gc,heap     ] GC(17) Humongous regions: 129->129
[2022-03-10T02:18:07.259+0000][gc,metaspace] GC(17) Metaspace: 38469K(39248K)->38469K(39248K) NonClass: 33975K(34512K)->33975K(34512K) Class: 4493K(4736K)->4493K(4736K)
[2022-03-10T02:18:07.259+0000][gc          ] GC(17) Pause Young (Normal) (G1 Evacuation Pause) 262M->186M(1768M) 31.102ms
[2022-03-10T02:18:07.259+0000][gc,cpu      ] GC(17) User=0.06s Sys=0.00s Real=0.04s
[2022-03-10T02:24:38.152+0000][gc,start    ] GC(18) Pause Young (Normal) (G1 Evacuation Pause)
[2022-03-10T02:24:38.152+0000][gc,task     ] GC(18) Using 2 workers of 2 for evacuation
[2022-03-10T02:24:38.183+0000][gc,mmu      ] GC(18) MMU target violated: 21.0ms (20.0ms/21.0ms)
[2022-03-10T02:24:38.183+0000][gc,phases   ] GC(18)   Pre Evacuate Collection Set: 1.5ms
[2022-03-10T02:24:38.183+0000][gc,phases   ] GC(18)   Merge Heap Roots: 0.1ms
[2022-03-10T02:24:38.183+0000][gc,phases   ] GC(18)   Evacuate Collection Set: 28.0ms
[2022-03-10T02:24:38.183+0000][gc,phases   ] GC(18)   Post Evacuate Collection Set: 1.0ms
[2022-03-10T02:24:38.183+0000][gc,phases   ] GC(18)   Other: 0.5ms
[2022-03-10T02:24:38.183+0000][gc,heap     ] GC(18) Eden regions: 79->0(79)
[2022-03-10T02:24:38.183+0000][gc,heap     ] GC(18) Survivor regions: 9->9(11)
[2022-03-10T02:24:38.183+0000][gc,heap     ] GC(18) Old regions: 49->53
[2022-03-10T02:24:38.183+0000][gc,heap     ] GC(18) Archive regions: 2->2
[2022-03-10T02:24:38.183+0000][gc,heap     ] GC(18) Humongous regions: 129->129
[2022-03-10T02:24:38.183+0000][gc,metaspace] GC(18) Metaspace: 38483K(39248K)->38483K(39248K) NonClass: 33989K(34512K)->33989K(34512K) Class: 4493K(4736K)->4493K(4736K)
[2022-03-10T02:24:38.183+0000][gc          ] GC(18) Pause Young (Normal) (G1 Evacuation Pause) 265M->191M(1768M) 31.220ms
[2022-03-10T02:24:38.183+0000][gc,cpu      ] GC(18) User=0.05s Sys=0.01s Real=0.03s
[2022-03-10T02:31:11.486+0000][gc,start    ] GC(19) Pause Young (Normal) (G1 Evacuation Pause)
[2022-03-10T02:31:11.486+0000][gc,task     ] GC(19) Using 2 workers of 2 for evacuation
[2022-03-10T02:31:11.515+0000][gc,mmu      ] GC(19) MMU target violated: 21.0ms (20.0ms/21.0ms)
[2022-03-10T02:31:11.515+0000][gc,phases   ] GC(19)   Pre Evacuate Collection Set: 1.5ms
[2022-03-10T02:31:11.516+0000][gc,phases   ] GC(19)   Merge Heap Roots: 0.2ms
[2022-03-10T02:31:11.516+0000][gc,phases   ] GC(19)   Evacuate Collection Set: 25.9ms
[2022-03-10T02:31:11.516+0000][gc,phases   ] GC(19)   Post Evacuate Collection Set: 1.0ms
[2022-03-10T02:31:11.516+0000][gc,phases   ] GC(19)   Other: 0.4ms
[2022-03-10T02:31:11.516+0000][gc,heap     ] GC(19) Eden regions: 79->0(80)
[2022-03-10T02:31:11.516+0000][gc,heap     ] GC(19) Survivor regions: 9->8(11)
[2022-03-10T02:31:11.516+0000][gc,heap     ] GC(19) Old regions: 53->56
[2022-03-10T02:31:11.516+0000][gc,heap     ] GC(19) Archive regions: 2->2
[2022-03-10T02:31:11.516+0000][gc,heap     ] GC(19) Humongous regions: 129->129
[2022-03-10T02:31:11.516+0000][gc,metaspace] GC(19) Metaspace: 38484K(39248K)->38484K(39248K) NonClass: 33990K(34512K)->33990K(34512K) Class: 4493K(4736K)->4493K(4736K)
[2022-03-10T02:31:11.516+0000][gc          ] GC(19) Pause Young (Normal) (G1 Evacuation Pause) 270M->193M(1768M) 29.961ms
[2022-03-10T02:31:11.516+0000][gc,cpu      ] GC(19) User=0.06s Sys=0.00s Real=0.03s
[2022-03-10T02:37:34.956+0000][gc,start    ] GC(20) Pause Young (Normal) (G1 Evacuation Pause)
[2022-03-10T02:37:34.956+0000][gc,task     ] GC(20) Using 2 workers of 2 for evacuation
[2022-03-10T02:37:34.988+0000][gc,mmu      ] GC(20) MMU target violated: 21.0ms (20.0ms/21.0ms)
[2022-03-10T02:37:34.988+0000][gc,phases   ] GC(20)   Pre Evacuate Collection Set: 1.3ms
[2022-03-10T02:37:34.988+0000][gc,phases   ] GC(20)   Merge Heap Roots: 0.2ms
[2022-03-10T02:37:34.988+0000][gc,phases   ] GC(20)   Evacuate Collection Set: 29.0ms
[2022-03-10T02:37:34.988+0000][gc,phases   ] GC(20)   Post Evacuate Collection Set: 0.8ms
[2022-03-10T02:37:34.988+0000][gc,phases   ] GC(20)   Other: 0.5ms
[2022-03-10T02:37:34.988+0000][gc,heap     ] GC(20) Eden regions: 80->0(78)
[2022-03-10T02:37:34.988+0000][gc,heap     ] GC(20) Survivor regions: 8->10(11)
[2022-03-10T02:37:34.988+0000][gc,heap     ] GC(20) Old regions: 56->60
[2022-03-10T02:37:34.988+0000][gc,heap     ] GC(20) Archive regions: 2->2
[2022-03-10T02:37:34.988+0000][gc,heap     ] GC(20) Humongous regions: 129->129
[2022-03-10T02:37:34.988+0000][gc,metaspace] GC(20) Metaspace: 38491K(39248K)->38491K(39248K) NonClass: 33997K(34512K)->33997K(34512K) Class: 4493K(4736K)->4493K(4736K)
[2022-03-10T02:37:34.988+0000][gc          ] GC(20) Pause Young (Normal) (G1 Evacuation Pause) 273M->198M(1768M) 31.790ms
[2022-03-10T02:37:34.988+0000][gc,cpu      ] GC(20) User=0.06s Sys=0.00s Real=0.03s
[2022-03-10T02:44:01.486+0000][gc,start    ] GC(21) Pause Young (Normal) (G1 Evacuation Pause)
[2022-03-10T02:44:01.486+0000][gc,task     ] GC(21) Using 2 workers of 2 for evacuation
[2022-03-10T02:44:01.510+0000][gc,mmu      ] GC(21) MMU target violated: 21.0ms (20.0ms/21.0ms)
[2022-03-10T02:44:01.510+0000][gc,phases   ] GC(21)   Pre Evacuate Collection Set: 1.9ms
[2022-03-10T02:44:01.510+0000][gc,phases   ] GC(21)   Merge Heap Roots: 0.2ms
[2022-03-10T02:44:01.510+0000][gc,phases   ] GC(21)   Evacuate Collection Set: 20.6ms
[2022-03-10T02:44:01.510+0000][gc,phases   ] GC(21)   Post Evacuate Collection Set: 0.7ms
[2022-03-10T02:44:01.510+0000][gc,phases   ] GC(21)   Other: 0.5ms
[2022-03-10T02:44:01.510+0000][gc,heap     ] GC(21) Eden regions: 78->0(81)
[2022-03-10T02:44:01.510+0000][gc,heap     ] GC(21) Survivor regions: 10->7(11)
[2022-03-10T02:44:01.510+0000][gc,heap     ] GC(21) Old regions: 60->64
[2022-03-10T02:44:01.510+0000][gc,heap     ] GC(21) Archive regions: 2->2
[2022-03-10T02:44:01.510+0000][gc,heap     ] GC(21) Humongous regions: 129->129
[2022-03-10T02:44:01.510+0000][gc,metaspace] GC(21) Metaspace: 38517K(39248K)->38517K(39248K) NonClass: 34023K(34512K)->34023K(34512K) Class: 4493K(4736K)->4493K(4736K)
[2022-03-10T02:44:01.510+0000][gc          ] GC(21) Pause Young (Normal) (G1 Evacuation Pause) 276M->200M(1768M) 24.067ms
[2022-03-10T02:44:01.510+0000][gc,cpu      ] GC(21) User=0.05s Sys=0.00s Real=0.02s
[2022-03-10T02:50:40.063+0000][gc,start    ] GC(22) Pause Young (Normal) (G1 Evacuation Pause)
[2022-03-10T02:50:40.063+0000][gc,task     ] GC(22) Using 2 workers of 2 for evacuation
[2022-03-10T02:50:40.081+0000][gc,phases   ] GC(22)   Pre Evacuate Collection Set: 1.4ms
[2022-03-10T02:50:40.081+0000][gc,phases   ] GC(22)   Merge Heap Roots: 0.2ms
[2022-03-10T02:50:40.081+0000][gc,phases   ] GC(22)   Evacuate Collection Set: 15.4ms
[2022-03-10T02:50:40.081+0000][gc,phases   ] GC(22)   Post Evacuate Collection Set: 0.8ms
[2022-03-10T02:50:40.081+0000][gc,phases   ] GC(22)   Other: 0.4ms
[2022-03-10T02:50:40.081+0000][gc,heap     ] GC(22) Eden regions: 81->0(107)
[2022-03-10T02:50:40.081+0000][gc,heap     ] GC(22) Survivor regions: 7->2(11)
[2022-03-10T02:50:40.081+0000][gc,heap     ] GC(22) Old regions: 64->67
[2022-03-10T02:50:40.081+0000][gc,heap     ] GC(22) Archive regions: 2->2
[2022-03-10T02:50:40.081+0000][gc,heap     ] GC(22) Humongous regions: 129->129
[2022-03-10T02:50:40.081+0000][gc,metaspace] GC(22) Metaspace: 38526K(39248K)->38526K(39248K) NonClass: 34032K(34512K)->34032K(34512K) Class: 4493K(4736K)->4493K(4736K)
[2022-03-10T02:50:40.082+0000][gc          ] GC(22) Pause Young (Normal) (G1 Evacuation Pause) 281M->198M(1768M) 18.404ms
[2022-03-10T02:50:40.082+0000][gc,cpu      ] GC(22) User=0.01s Sys=0.02s Real=0.02s
[2022-03-10T02:59:35.031+0000][gc,start    ] GC(23) Pause Young (Normal) (G1 Evacuation Pause)
[2022-03-10T02:59:35.031+0000][gc,task     ] GC(23) Using 2 workers of 2 for evacuation
[2022-03-10T02:59:35.043+0000][gc,phases   ] GC(23)   Pre Evacuate Collection Set: 1.6ms
[2022-03-10T02:59:35.043+0000][gc,phases   ] GC(23)   Merge Heap Roots: 0.2ms
[2022-03-10T02:59:35.043+0000][gc,phases   ] GC(23)   Evacuate Collection Set: 8.7ms
[2022-03-10T02:59:35.043+0000][gc,phases   ] GC(23)   Post Evacuate Collection Set: 0.9ms
[2022-03-10T02:59:35.043+0000][gc,phases   ] GC(23)   Other: 0.4ms
[2022-03-10T02:59:35.043+0000][gc,heap     ] GC(23) Eden regions: 107->0(154)
[2022-03-10T02:59:35.043+0000][gc,heap     ] GC(23) Survivor regions: 2->3(14)
[2022-03-10T02:59:35.043+0000][gc,heap     ] GC(23) Old regions: 67->67
[2022-03-10T02:59:35.043+0000][gc,heap     ] GC(23) Archive regions: 2->2
[2022-03-10T02:59:35.043+0000][gc,heap     ] GC(23) Humongous regions: 129->129
[2022-03-10T02:59:35.043+0000][gc,metaspace] GC(23) Metaspace: 38533K(39248K)->38533K(39248K) NonClass: 34040K(34512K)->34040K(34512K) Class: 4493K(4736K)->4493K(4736K)
[2022-03-10T02:59:35.043+0000][gc          ] GC(23) Pause Young (Normal) (G1 Evacuation Pause) 305M->199M(1768M) 11.964ms
[2022-03-10T02:59:35.043+0000][gc,cpu      ] GC(23) User=0.02s Sys=0.01s Real=0.01s
[2022-03-10T03:12:26.325+0000][gc,start    ] GC(24) Pause Young (Normal) (G1 Evacuation Pause)
[2022-03-10T03:12:26.325+0000][gc,task     ] GC(24) Using 2 workers of 2 for evacuation
[2022-03-10T03:12:26.341+0000][gc,phases   ] GC(24)   Pre Evacuate Collection Set: 2.1ms
[2022-03-10T03:12:26.341+0000][gc,phases   ] GC(24)   Merge Heap Roots: 0.2ms
[2022-03-10T03:12:26.341+0000][gc,phases   ] GC(24)   Evacuate Collection Set: 12.6ms
[2022-03-10T03:12:26.341+0000][gc,phases   ] GC(24)   Post Evacuate Collection Set: 1.0ms
[2022-03-10T03:12:26.341+0000][gc,phases   ] GC(24)   Other: 0.5ms
[2022-03-10T03:12:26.341+0000][gc,heap     ] GC(24) Eden regions: 154->0(84)
[2022-03-10T03:12:26.341+0000][gc,heap     ] GC(24) Survivor regions: 3->4(20)
[2022-03-10T03:12:26.341+0000][gc,heap     ] GC(24) Old regions: 67->67
[2022-03-10T03:12:26.341+0000][gc,heap     ] GC(24) Archive regions: 2->2
[2022-03-10T03:12:26.341+0000][gc,heap     ] GC(24) Humongous regions: 129->129
[2022-03-10T03:12:26.341+0000][gc,metaspace] GC(24) Metaspace: 38551K(39248K)->38551K(39248K) NonClass: 34057K(34512K)->34057K(34512K) Class: 4493K(4736K)->4493K(4736K)
[2022-03-10T03:12:26.341+0000][gc          ] GC(24) Pause Young (Normal) (G1 Evacuation Pause) 353M->200M(1768M) 16.478ms
[2022-03-10T03:12:26.341+0000][gc,cpu      ] GC(24) User=0.04s Sys=0.00s Real=0.02s
[2022-03-10T03:19:23.274+0000][gc,start    ] GC(25) Pause Young (Normal) (G1 Evacuation Pause)
[2022-03-10T03:19:23.274+0000][gc,task     ] GC(25) Using 2 workers of 2 for evacuation
[2022-03-10T03:19:23.285+0000][gc,phases   ] GC(25)   Pre Evacuate Collection Set: 1.5ms
[2022-03-10T03:19:23.285+0000][gc,phases   ] GC(25)   Merge Heap Roots: 0.1ms
[2022-03-10T03:19:23.285+0000][gc,phases   ] GC(25)   Evacuate Collection Set: 7.9ms
[2022-03-10T03:19:23.285+0000][gc,phases   ] GC(25)   Post Evacuate Collection Set: 1.0ms
[2022-03-10T03:19:23.285+0000][gc,phases   ] GC(25)   Other: 0.4ms
[2022-03-10T03:19:23.285+0000][gc,heap     ] GC(25) Eden regions: 84->0(875)
[2022-03-10T03:19:23.285+0000][gc,heap     ] GC(25) Survivor regions: 4->3(11)
[2022-03-10T03:19:23.285+0000][gc,heap     ] GC(25) Old regions: 67->67
[2022-03-10T03:19:23.285+0000][gc,heap     ] GC(25) Archive regions: 2->2
[2022-03-10T03:19:23.285+0000][gc,heap     ] GC(25) Humongous regions: 129->129
[2022-03-10T03:19:23.285+0000][gc,metaspace] GC(25) Metaspace: 38560K(39248K)->38560K(39248K) NonClass: 34066K(34512K)->34066K(34512K) Class: 4493K(4736K)->4493K(4736K)
[2022-03-10T03:19:23.285+0000][gc          ] GC(25) Pause Young (Normal) (G1 Evacuation Pause) 284M->199M(1768M) 11.053ms
[2022-03-10T03:19:23.285+0000][gc,cpu      ] GC(25) User=0.02s Sys=0.00s Real=0.01s
[2022-03-10T05:35:52.752+0000][gc,start    ] GC(26) Pause Young (Normal) (G1 Evacuation Pause)
[2022-03-10T05:35:52.752+0000][gc,task     ] GC(26) Using 2 workers of 2 for evacuation
[2022-03-10T05:35:52.790+0000][gc,mmu      ] GC(26) MMU target violated: 21.0ms (20.0ms/21.0ms)
[2022-03-10T05:35:52.790+0000][gc,phases   ] GC(26)   Pre Evacuate Collection Set: 2.0ms
[2022-03-10T05:35:52.790+0000][gc,phases   ] GC(26)   Merge Heap Roots: 0.3ms
[2022-03-10T05:35:52.790+0000][gc,phases   ] GC(26)   Evacuate Collection Set: 32.4ms
[2022-03-10T05:35:52.790+0000][gc,phases   ] GC(26)   Post Evacuate Collection Set: 2.9ms
[2022-03-10T05:35:52.790+0000][gc,phases   ] GC(26)   Other: 0.8ms
[2022-03-10T05:35:52.790+0000][gc,heap     ] GC(26) Eden regions: 875->0(84)
[2022-03-10T05:35:52.790+0000][gc,heap     ] GC(26) Survivor regions: 3->4(110)
[2022-03-10T05:35:52.790+0000][gc,heap     ] GC(26) Old regions: 67->67
[2022-03-10T05:35:52.790+0000][gc,heap     ] GC(26) Archive regions: 2->2
[2022-03-10T05:35:52.790+0000][gc,heap     ] GC(26) Humongous regions: 129->129
[2022-03-10T05:35:52.790+0000][gc,metaspace] GC(26) Metaspace: 38659K(39504K)->38659K(39504K) NonClass: 34162K(34768K)->34162K(34768K) Class: 4497K(4736K)->4497K(4736K)
[2022-03-10T05:35:52.791+0000][gc          ] GC(26) Pause Young (Normal) (G1 Evacuation Pause) 1074M->200M(1768M) 38.462ms
[2022-03-10T05:35:52.791+0000][gc,cpu      ] GC(26) User=0.08s Sys=0.00s Real=0.03s
[2022-03-10T06:06:44.545+0000][gc,start    ] GC(27) Pause Young (Normal) (G1 Evacuation Pause)
[2022-03-10T06:06:44.545+0000][gc,task     ] GC(27) Using 2 workers of 2 for evacuation
[2022-03-10T06:06:44.562+0000][gc,phases   ] GC(27)   Pre Evacuate Collection Set: 2.7ms
[2022-03-10T06:06:44.562+0000][gc,phases   ] GC(27)   Merge Heap Roots: 0.2ms
[2022-03-10T06:06:44.562+0000][gc,phases   ] GC(27)   Evacuate Collection Set: 13.1ms
[2022-03-10T06:06:44.562+0000][gc,phases   ] GC(27)   Post Evacuate Collection Set: 1.4ms
[2022-03-10T06:06:44.562+0000][gc,phases   ] GC(27)   Other: 0.6ms
[2022-03-10T06:06:44.563+0000][gc,heap     ] GC(27) Eden regions: 84->0(84)
[2022-03-10T06:06:44.563+0000][gc,heap     ] GC(27) Survivor regions: 4->4(11)
[2022-03-10T06:06:44.563+0000][gc,heap     ] GC(27) Old regions: 67->67
[2022-03-10T06:06:44.563+0000][gc,heap     ] GC(27) Archive regions: 2->2
[2022-03-10T06:06:44.563+0000][gc,heap     ] GC(27) Humongous regions: 129->129
[2022-03-10T06:06:44.563+0000][gc,metaspace] GC(27) Metaspace: 38662K(39504K)->38662K(39504K) NonClass: 34165K(34768K)->34165K(34768K) Class: 4497K(4736K)->4497K(4736K)
[2022-03-10T06:06:44.563+0000][gc          ] GC(27) Pause Young (Normal) (G1 Evacuation Pause) 284M->200M(1768M) 18.179ms
[2022-03-10T06:06:44.563+0000][gc,cpu      ] GC(27) User=0.04s Sys=0.00s Real=0.02s
[2022-03-10T06:29:15.057+0000][gc,start    ] GC(28) Pause Young (Normal) (G1 Evacuation Pause)
[2022-03-10T06:29:15.057+0000][gc,task     ] GC(28) Using 2 workers of 2 for evacuation
[2022-03-10T06:29:15.075+0000][gc,phases   ] GC(28)   Pre Evacuate Collection Set: 2.5ms
[2022-03-10T06:29:15.075+0000][gc,phases   ] GC(28)   Merge Heap Roots: 0.1ms
[2022-03-10T06:29:15.075+0000][gc,phases   ] GC(28)   Evacuate Collection Set: 13.7ms
[2022-03-10T06:29:15.075+0000][gc,phases   ] GC(28)   Post Evacuate Collection Set: 1.1ms
[2022-03-10T06:29:15.075+0000][gc,phases   ] GC(28)   Other: 0.3ms
[2022-03-10T06:29:15.075+0000][gc,heap     ] GC(28) Eden regions: 84->0(83)
[2022-03-10T06:29:15.075+0000][gc,heap     ] GC(28) Survivor regions: 4->5(11)
[2022-03-10T06:29:15.075+0000][gc,heap     ] GC(28) Old regions: 67->67
[2022-03-10T06:29:15.075+0000][gc,heap     ] GC(28) Archive regions: 2->2
[2022-03-10T06:29:15.075+0000][gc,heap     ] GC(28) Humongous regions: 129->129
[2022-03-10T06:29:15.075+0000][gc,metaspace] GC(28) Metaspace: 38835K(39504K)->38835K(39504K) NonClass: 34313K(34768K)->34313K(34768K) Class: 4522K(4736K)->4522K(4736K)
[2022-03-10T06:29:15.075+0000][gc          ] GC(28) Pause Young (Normal) (G1 Evacuation Pause) 284M->201M(1768M) 18.048ms
[2022-03-10T06:29:15.075+0000][gc,cpu      ] GC(28) User=0.03s Sys=0.00s Real=0.02s
[2022-03-10T06:37:46.486+0000][gc,start    ] GC(29) Pause Young (Normal) (G1 Evacuation Pause)
[2022-03-10T06:37:46.486+0000][gc,task     ] GC(29) Using 2 workers of 2 for evacuation
[2022-03-10T06:37:46.508+0000][gc,mmu      ] GC(29) MMU target violated: 21.0ms (20.0ms/21.0ms)
[2022-03-10T06:37:46.508+0000][gc,phases   ] GC(29)   Pre Evacuate Collection Set: 2.9ms
[2022-03-10T06:37:46.508+0000][gc,phases   ] GC(29)   Merge Heap Roots: 0.2ms
[2022-03-10T06:37:46.508+0000][gc,phases   ] GC(29)   Evacuate Collection Set: 17.1ms
[2022-03-10T06:37:46.508+0000][gc,phases   ] GC(29)   Post Evacuate Collection Set: 1.2ms
[2022-03-10T06:37:46.508+0000][gc,phases   ] GC(29)   Other: 0.3ms
[2022-03-10T06:37:46.508+0000][gc,heap     ] GC(29) Eden regions: 83->0(83)
[2022-03-10T06:37:46.508+0000][gc,heap     ] GC(29) Survivor regions: 5->5(11)
[2022-03-10T06:37:46.508+0000][gc,heap     ] GC(29) Old regions: 67->67
[2022-03-10T06:37:46.508+0000][gc,heap     ] GC(29) Archive regions: 2->2
[2022-03-10T06:37:46.508+0000][gc,heap     ] GC(29) Humongous regions: 129->129
[2022-03-10T06:37:46.508+0000][gc,metaspace] GC(29) Metaspace: 38852K(39504K)->38852K(39504K) NonClass: 34327K(34768K)->34327K(34768K) Class: 4525K(4736K)->4525K(4736K)
[2022-03-10T06:37:46.508+0000][gc          ] GC(29) Pause Young (Normal) (G1 Evacuation Pause) 284M->201M(1768M) 21.902ms
[2022-03-10T06:37:46.508+0000][gc,cpu      ] GC(29) User=0.04s Sys=0.00s Real=0.02s
[2022-03-10T06:46:24.460+0000][gc,start    ] GC(30) Pause Young (Normal) (G1 Evacuation Pause)
[2022-03-10T06:46:24.460+0000][gc,task     ] GC(30) Using 2 workers of 2 for evacuation
[2022-03-10T06:46:24.477+0000][gc,phases   ] GC(30)   Pre Evacuate Collection Set: 2.5ms
[2022-03-10T06:46:24.477+0000][gc,phases   ] GC(30)   Merge Heap Roots: 0.2ms
[2022-03-10T06:46:24.477+0000][gc,phases   ] GC(30)   Evacuate Collection Set: 13.1ms
[2022-03-10T06:46:24.477+0000][gc,phases   ] GC(30)   Post Evacuate Collection Set: 0.9ms
[2022-03-10T06:46:24.477+0000][gc,phases   ] GC(30)   Other: 0.4ms
[2022-03-10T06:46:24.477+0000][gc,heap     ] GC(30) Eden regions: 83->0(83)
[2022-03-10T06:46:24.477+0000][gc,heap     ] GC(30) Survivor regions: 5->5(11)
[2022-03-10T06:46:24.477+0000][gc,heap     ] GC(30) Old regions: 67->67
[2022-03-10T06:46:24.477+0000][gc,heap     ] GC(30) Archive regions: 2->2
[2022-03-10T06:46:24.477+0000][gc,heap     ] GC(30) Humongous regions: 129->129
[2022-03-10T06:46:24.477+0000][gc,metaspace] GC(30) Metaspace: 38852K(39504K)->38852K(39504K) NonClass: 34327K(34768K)->34327K(34768K) Class: 4525K(4736K)->4525K(4736K)
[2022-03-10T06:46:24.477+0000][gc          ] GC(30) Pause Young (Normal) (G1 Evacuation Pause) 284M->201M(1768M) 17.138ms
[2022-03-10T06:46:24.477+0000][gc,cpu      ] GC(30) User=0.04s Sys=0.00s Real=0.01s
[2022-03-10T06:55:04.885+0000][gc,start    ] GC(31) Pause Young (Normal) (G1 Evacuation Pause)
[2022-03-10T06:55:04.885+0000][gc,task     ] GC(31) Using 2 workers of 2 for evacuation
[2022-03-10T06:55:04.902+0000][gc,phases   ] GC(31)   Pre Evacuate Collection Set: 2.4ms
[2022-03-10T06:55:04.902+0000][gc,phases   ] GC(31)   Merge Heap Roots: 0.2ms
[2022-03-10T06:55:04.902+0000][gc,phases   ] GC(31)   Evacuate Collection Set: 13.0ms
[2022-03-10T06:55:04.902+0000][gc,phases   ] GC(31)   Post Evacuate Collection Set: 1.1ms
[2022-03-10T06:55:04.902+0000][gc,phases   ] GC(31)   Other: 0.3ms
[2022-03-10T06:55:04.902+0000][gc,heap     ] GC(31) Eden regions: 83->0(83)
[2022-03-10T06:55:04.902+0000][gc,heap     ] GC(31) Survivor regions: 5->5(11)
[2022-03-10T06:55:04.902+0000][gc,heap     ] GC(31) Old regions: 67->67
[2022-03-10T06:55:04.902+0000][gc,heap     ] GC(31) Archive regions: 2->2
[2022-03-10T06:55:04.902+0000][gc,heap     ] GC(31) Humongous regions: 129->129
[2022-03-10T06:55:04.902+0000][gc,metaspace] GC(31) Metaspace: 38853K(39504K)->38853K(39504K) NonClass: 34328K(34768K)->34328K(34768K) Class: 4525K(4736K)->4525K(4736K)
[2022-03-10T06:55:04.902+0000][gc          ] GC(31) Pause Young (Normal) (G1 Evacuation Pause) 284M->201M(1768M) 17.166ms
[2022-03-10T06:55:04.902+0000][gc,cpu      ] GC(31) User=0.03s Sys=0.00s Real=0.02s
[2022-03-10T07:03:43.181+0000][gc,start    ] GC(32) Pause Young (Normal) (G1 Evacuation Pause)
[2022-03-10T07:03:43.181+0000][gc,task     ] GC(32) Using 2 workers of 2 for evacuation
[2022-03-10T07:03:43.201+0000][gc,phases   ] GC(32)   Pre Evacuate Collection Set: 2.5ms
[2022-03-10T07:03:43.201+0000][gc,phases   ] GC(32)   Merge Heap Roots: 0.3ms
[2022-03-10T07:03:43.201+0000][gc,phases   ] GC(32)   Evacuate Collection Set: 15.6ms
[2022-03-10T07:03:43.201+0000][gc,phases   ] GC(32)   Post Evacuate Collection Set: 1.2ms
[2022-03-10T07:03:43.201+0000][gc,phases   ] GC(32)   Other: 0.5ms
[2022-03-10T07:03:43.201+0000][gc,heap     ] GC(32) Eden regions: 83->0(84)
[2022-03-10T07:03:43.201+0000][gc,heap     ] GC(32) Survivor regions: 5->5(11)
[2022-03-10T07:03:43.201+0000][gc,heap     ] GC(32) Old regions: 67->67
[2022-03-10T07:03:43.201+0000][gc,heap     ] GC(32) Archive regions: 2->2
[2022-03-10T07:03:43.201+0000][gc,heap     ] GC(32) Humongous regions: 129->129
[2022-03-10T07:03:43.201+0000][gc,metaspace] GC(32) Metaspace: 38857K(39504K)->38857K(39504K) NonClass: 34332K(34768K)->34332K(34768K) Class: 4525K(4736K)->4525K(4736K)
[2022-03-10T07:03:43.201+0000][gc          ] GC(32) Pause Young (Normal) (G1 Evacuation Pause) 284M->201M(1768M) 20.168ms
[2022-03-10T07:03:43.201+0000][gc,cpu      ] GC(32) User=0.04s Sys=0.00s Real=0.02s
[2022-03-10T07:12:22.114+0000][gc,start    ] GC(33) Pause Young (Normal) (G1 Evacuation Pause)
[2022-03-10T07:12:22.114+0000][gc,task     ] GC(33) Using 2 workers of 2 for evacuation
[2022-03-10T07:12:22.131+0000][gc,phases   ] GC(33)   Pre Evacuate Collection Set: 3.2ms
[2022-03-10T07:12:22.131+0000][gc,phases   ] GC(33)   Merge Heap Roots: 0.3ms
[2022-03-10T07:12:22.131+0000][gc,phases   ] GC(33)   Evacuate Collection Set: 11.5ms
[2022-03-10T07:12:22.131+0000][gc,phases   ] GC(33)   Post Evacuate Collection Set: 1.5ms
[2022-03-10T07:12:22.131+0000][gc,phases   ] GC(33)   Other: 0.5ms
[2022-03-10T07:12:22.131+0000][gc,heap     ] GC(33) Eden regions: 83->0(226)
[2022-03-10T07:12:22.131+0000][gc,heap     ] GC(33) Survivor regions: 5->4(11)
[2022-03-10T07:12:22.131+0000][gc,heap     ] GC(33) Old regions: 67->67
[2022-03-10T07:12:22.131+0000][gc,heap     ] GC(33) Archive regions: 2->2
[2022-03-10T07:12:22.131+0000][gc,heap     ] GC(33) Humongous regions: 129->129
[2022-03-10T07:12:22.131+0000][gc,metaspace] GC(33) Metaspace: 38857K(39504K)->38857K(39504K) NonClass: 34332K(34768K)->34332K(34768K) Class: 4525K(4736K)->4525K(4736K)
[2022-03-10T07:12:22.131+0000][gc          ] GC(33) Pause Young (Normal) (G1 Evacuation Pause) 284M->200M(1768M) 17.109ms
[2022-03-10T07:12:22.131+0000][gc,cpu      ] GC(33) User=0.03s Sys=0.00s Real=0.02s
[2022-03-10T07:34:55.901+0000][gc,start    ] GC(34) Pause Young (Normal) (G1 Evacuation Pause)
[2022-03-10T07:34:55.901+0000][gc,task     ] GC(34) Using 2 workers of 2 for evacuation
[2022-03-10T07:34:55.924+0000][gc,mmu      ] GC(34) MMU target violated: 21.0ms (20.0ms/21.0ms)
[2022-03-10T07:34:55.924+0000][gc,phases   ] GC(34)   Pre Evacuate Collection Set: 3.5ms
[2022-03-10T07:34:55.924+0000][gc,phases   ] GC(34)   Merge Heap Roots: 0.3ms
[2022-03-10T07:34:55.924+0000][gc,phases   ] GC(34)   Evacuate Collection Set: 15.5ms
[2022-03-10T07:34:55.924+0000][gc,phases   ] GC(34)   Post Evacuate Collection Set: 3.1ms
[2022-03-10T07:34:55.924+0000][gc,phases   ] GC(34)   Other: 0.4ms
[2022-03-10T07:34:55.924+0000][gc,heap     ] GC(34) Eden regions: 226->0(113)
[2022-03-10T07:34:55.924+0000][gc,heap     ] GC(34) Survivor regions: 4->5(29)
[2022-03-10T07:34:55.924+0000][gc,heap     ] GC(34) Old regions: 67->67
[2022-03-10T07:34:55.924+0000][gc,heap     ] GC(34) Archive regions: 2->2
[2022-03-10T07:34:55.924+0000][gc,heap     ] GC(34) Humongous regions: 129->129
[2022-03-10T07:34:55.924+0000][gc,metaspace] GC(34) Metaspace: 38931K(39760K)->38931K(39760K) NonClass: 34406K(35024K)->34406K(35024K) Class: 4525K(4736K)->4525K(4736K)
[2022-03-10T07:34:55.924+0000][gc          ] GC(34) Pause Young (Normal) (G1 Evacuation Pause) 426M->201M(1768M) 22.996ms
[2022-03-10T07:34:55.924+0000][gc,cpu      ] GC(34) User=0.04s Sys=0.00s Real=0.02s
[2022-03-10T07:43:06.486+0000][gc,start    ] GC(35) Pause Young (Normal) (G1 Evacuation Pause)
[2022-03-10T07:43:06.486+0000][gc,task     ] GC(35) Using 2 workers of 2 for evacuation
[2022-03-10T07:43:06.508+0000][gc,mmu      ] GC(35) MMU target violated: 21.0ms (20.0ms/21.0ms)
[2022-03-10T07:43:06.509+0000][gc,phases   ] GC(35)   Pre Evacuate Collection Set: 3.6ms
[2022-03-10T07:43:06.509+0000][gc,phases   ] GC(35)   Merge Heap Roots: 0.3ms
[2022-03-10T07:43:06.509+0000][gc,phases   ] GC(35)   Evacuate Collection Set: 16.5ms
[2022-03-10T07:43:06.509+0000][gc,phases   ] GC(35)   Post Evacuate Collection Set: 1.5ms
[2022-03-10T07:43:06.509+0000][gc,phases   ] GC(35)   Other: 0.5ms
[2022-03-10T07:43:06.509+0000][gc,heap     ] GC(35) Eden regions: 96->0(191)
[2022-03-10T07:43:06.509+0000][gc,heap     ] GC(35) Survivor regions: 5->4(13)
[2022-03-10T07:43:06.509+0000][gc,heap     ] GC(35) Old regions: 67->67
[2022-03-10T07:43:06.509+0000][gc,heap     ] GC(35) Archive regions: 2->2
[2022-03-10T07:43:06.509+0000][gc,heap     ] GC(35) Humongous regions: 129->129
[2022-03-10T07:43:06.509+0000][gc,metaspace] GC(35) Metaspace: 38971K(39760K)->38971K(39760K) NonClass: 34445K(35024K)->34445K(35024K) Class: 4526K(4736K)->4526K(4736K)
[2022-03-10T07:43:06.509+0000][gc          ] GC(35) Pause Young (Normal) (G1 Evacuation Pause) 297M->200M(1768M) 22.509ms
[2022-03-10T07:43:06.509+0000][gc,cpu      ] GC(35) User=0.04s Sys=0.00s Real=0.02s
[2022-03-10T07:57:11.486+0000][gc,start    ] GC(36) Pause Young (Normal) (G1 Evacuation Pause)
[2022-03-10T07:57:11.487+0000][gc,task     ] GC(36) Using 2 workers of 2 for evacuation
[2022-03-10T07:57:11.503+0000][gc,phases   ] GC(36)   Pre Evacuate Collection Set: 2.5ms
[2022-03-10T07:57:11.503+0000][gc,phases   ] GC(36)   Merge Heap Roots: 0.2ms
[2022-03-10T07:57:11.503+0000][gc,phases   ] GC(36)   Evacuate Collection Set: 12.3ms
[2022-03-10T07:57:11.503+0000][gc,phases   ] GC(36)   Post Evacuate Collection Set: 1.2ms
[2022-03-10T07:57:11.503+0000][gc,phases   ] GC(36)   Other: 0.4ms
[2022-03-10T07:57:11.503+0000][gc,heap     ] GC(36) Eden regions: 162->0(132)
[2022-03-10T07:57:11.503+0000][gc,heap     ] GC(36) Survivor regions: 4->5(21)
[2022-03-10T07:57:11.503+0000][gc,heap     ] GC(36) Old regions: 67->68
[2022-03-10T07:57:11.503+0000][gc,heap     ] GC(36) Archive regions: 2->2
[2022-03-10T07:57:11.503+0000][gc,heap     ] GC(36) Humongous regions: 129->129
[2022-03-10T07:57:11.503+0000][gc,metaspace] GC(36) Metaspace: 38972K(39760K)->38972K(39760K) NonClass: 34446K(35024K)->34446K(35024K) Class: 4526K(4736K)->4526K(4736K)
[2022-03-10T07:57:11.503+0000][gc          ] GC(36) Pause Young (Normal) (G1 Evacuation Pause) 362M->201M(1768M) 16.745ms
[2022-03-10T07:57:11.503+0000][gc,cpu      ] GC(36) User=0.03s Sys=0.00s Real=0.02s
[2022-03-10T08:08:41.051+0000][gc,start    ] GC(37) Pause Young (Normal) (G1 Evacuation Pause)
[2022-03-10T08:08:41.051+0000][gc,task     ] GC(37) Using 2 workers of 2 for evacuation
[2022-03-10T08:08:41.071+0000][gc,phases   ] GC(37)   Pre Evacuate Collection Set: 3.1ms
[2022-03-10T08:08:41.071+0000][gc,phases   ] GC(37)   Merge Heap Roots: 0.3ms
[2022-03-10T08:08:41.071+0000][gc,phases   ] GC(37)   Evacuate Collection Set: 14.6ms
[2022-03-10T08:08:41.071+0000][gc,phases   ] GC(37)   Post Evacuate Collection Set: 1.3ms
[2022-03-10T08:08:41.071+0000][gc,phases   ] GC(37)   Other: 0.7ms
[2022-03-10T08:08:41.071+0000][gc,heap     ] GC(37) Eden regions: 132->0(199)
[2022-03-10T08:08:41.071+0000][gc,heap     ] GC(37) Survivor regions: 5->5(18)
[2022-03-10T08:08:41.071+0000][gc,heap     ] GC(37) Old regions: 68->68
[2022-03-10T08:08:41.071+0000][gc,heap     ] GC(37) Archive regions: 2->2
[2022-03-10T08:08:41.071+0000][gc,heap     ] GC(37) Humongous regions: 129->129
[2022-03-10T08:08:41.071+0000][gc,metaspace] GC(37) Metaspace: 38976K(39760K)->38976K(39760K) NonClass: 34449K(35024K)->34449K(35024K) Class: 4526K(4736K)->4526K(4736K)
[2022-03-10T08:08:41.071+0000][gc          ] GC(37) Pause Young (Normal) (G1 Evacuation Pause) 333M->201M(1768M) 20.285ms
[2022-03-10T08:08:41.071+0000][gc,cpu      ] GC(37) User=0.04s Sys=0.00s Real=0.02s
[2022-03-10T08:25:49.228+0000][gc,start    ] GC(38) Pause Young (Normal) (G1 Evacuation Pause)
[2022-03-10T08:25:49.228+0000][gc,task     ] GC(38) Using 2 workers of 2 for evacuation
[2022-03-10T08:25:49.244+0000][gc,phases   ] GC(38)   Pre Evacuate Collection Set: 2.1ms
[2022-03-10T08:25:49.244+0000][gc,phases   ] GC(38)   Merge Heap Roots: 0.3ms
[2022-03-10T08:25:49.244+0000][gc,phases   ] GC(38)   Evacuate Collection Set: 11.2ms
[2022-03-10T08:25:49.244+0000][gc,phases   ] GC(38)   Post Evacuate Collection Set: 1.9ms
[2022-03-10T08:25:49.244+0000][gc,phases   ] GC(38)   Other: 0.5ms
[2022-03-10T08:25:49.244+0000][gc,heap     ] GC(38) Eden regions: 199->0(351)
[2022-03-10T08:25:49.244+0000][gc,heap     ] GC(38) Survivor regions: 5->5(26)
[2022-03-10T08:25:49.244+0000][gc,heap     ] GC(38) Old regions: 68->68
[2022-03-10T08:25:49.244+0000][gc,heap     ] GC(38) Archive regions: 2->2
[2022-03-10T08:25:49.244+0000][gc,heap     ] GC(38) Humongous regions: 129->129
[2022-03-10T08:25:49.244+0000][gc,metaspace] GC(38) Metaspace: 38977K(39760K)->38977K(39760K) NonClass: 34450K(35024K)->34450K(35024K) Class: 4526K(4736K)->4526K(4736K)
[2022-03-10T08:25:49.244+0000][gc          ] GC(38) Pause Young (Normal) (G1 Evacuation Pause) 400M->201M(1768M) 16.073ms
[2022-03-10T08:25:49.244+0000][gc,cpu      ] GC(38) User=0.02s Sys=0.00s Real=0.02s
[2022-03-10T08:56:31.486+0000][gc,start    ] GC(39) Pause Young (Normal) (G1 Evacuation Pause)
[2022-03-10T08:56:31.487+0000][gc,task     ] GC(39) Using 2 workers of 2 for evacuation
[2022-03-10T08:56:31.503+0000][gc,phases   ] GC(39)   Pre Evacuate Collection Set: 1.8ms
[2022-03-10T08:56:31.503+0000][gc,phases   ] GC(39)   Merge Heap Roots: 0.2ms
[2022-03-10T08:56:31.503+0000][gc,phases   ] GC(39)   Evacuate Collection Set: 12.5ms
[2022-03-10T08:56:31.503+0000][gc,phases   ] GC(39)   Post Evacuate Collection Set: 1.5ms
[2022-03-10T08:56:31.503+0000][gc,phases   ] GC(39)   Other: 0.5ms
[2022-03-10T08:56:31.503+0000][gc,heap     ] GC(39) Eden regions: 351->0(339)
[2022-03-10T08:56:31.503+0000][gc,heap     ] GC(39) Survivor regions: 5->6(45)
[2022-03-10T08:56:31.503+0000][gc,heap     ] GC(39) Old regions: 68->68
[2022-03-10T08:56:31.503+0000][gc,heap     ] GC(39) Archive regions: 2->2
[2022-03-10T08:56:31.503+0000][gc,heap     ] GC(39) Humongous regions: 129->129
[2022-03-10T08:56:31.503+0000][gc,metaspace] GC(39) Metaspace: 38980K(39760K)->38980K(39760K) NonClass: 34453K(35024K)->34453K(35024K) Class: 4526K(4736K)->4526K(4736K)
[2022-03-10T08:56:31.503+0000][gc          ] GC(39) Pause Young (Normal) (G1 Evacuation Pause) 552M->202M(1768M) 16.710ms
[2022-03-10T08:56:31.503+0000][gc,cpu      ] GC(39) User=0.03s Sys=0.00s Real=0.02s
[2022-03-10T09:26:01.693+0000][gc,start    ] GC(40) Pause Young (Normal) (G1 Evacuation Pause)
[2022-03-10T09:26:01.693+0000][gc,task     ] GC(40) Using 2 workers of 2 for evacuation
[2022-03-10T09:26:01.711+0000][gc,phases   ] GC(40)   Pre Evacuate Collection Set: 2.1ms
[2022-03-10T09:26:01.711+0000][gc,phases   ] GC(40)   Merge Heap Roots: 0.3ms
[2022-03-10T09:26:01.711+0000][gc,phases   ] GC(40)   Evacuate Collection Set: 12.8ms
[2022-03-10T09:26:01.711+0000][gc,phases   ] GC(40)   Post Evacuate Collection Set: 1.7ms
[2022-03-10T09:26:01.711+0000][gc,phases   ] GC(40)   Other: 0.5ms
[2022-03-10T09:26:01.711+0000][gc,heap     ] GC(40) Eden regions: 339->0(920)
[2022-03-10T09:26:01.711+0000][gc,heap     ] GC(40) Survivor regions: 6->5(44)
[2022-03-10T09:26:01.711+0000][gc,heap     ] GC(40) Old regions: 68->68
[2022-03-10T09:26:01.711+0000][gc,heap     ] GC(40) Archive regions: 2->2
[2022-03-10T09:26:01.711+0000][gc,heap     ] GC(40) Humongous regions: 129->129
[2022-03-10T09:26:01.711+0000][gc,metaspace] GC(40) Metaspace: 38997K(39760K)->38997K(39760K) NonClass: 34471K(35024K)->34471K(35024K) Class: 4526K(4736K)->4526K(4736K)
[2022-03-10T09:26:01.711+0000][gc          ] GC(40) Pause Young (Normal) (G1 Evacuation Pause) 541M->201M(1768M) 17.642ms
[2022-03-10T09:26:01.711+0000][gc,cpu      ] GC(40) User=0.03s Sys=0.00s Real=0.02s
[2022-03-10T10:46:52.198+0000][gc,start    ] GC(41) Pause Young (Normal) (G1 Evacuation Pause)
[2022-03-10T10:46:52.198+0000][gc,task     ] GC(41) Using 2 workers of 2 for evacuation
[2022-03-10T10:46:52.218+0000][gc,phases   ] GC(41)   Pre Evacuate Collection Set: 1.2ms
[2022-03-10T10:46:52.218+0000][gc,phases   ] GC(41)   Merge Heap Roots: 0.2ms
[2022-03-10T10:46:52.218+0000][gc,phases   ] GC(41)   Evacuate Collection Set: 16.7ms
[2022-03-10T10:46:52.218+0000][gc,phases   ] GC(41)   Post Evacuate Collection Set: 1.8ms
[2022-03-10T10:46:52.218+0000][gc,phases   ] GC(41)   Other: 0.4ms
[2022-03-10T10:46:52.218+0000][gc,heap     ] GC(41) Eden regions: 920->0(663)
[2022-03-10T10:46:52.218+0000][gc,heap     ] GC(41) Survivor regions: 5->5(116)
[2022-03-10T10:46:52.218+0000][gc,heap     ] GC(41) Old regions: 68->69
[2022-03-10T10:46:52.218+0000][gc,heap     ] GC(41) Archive regions: 2->2
[2022-03-10T10:46:52.218+0000][gc,heap     ] GC(41) Humongous regions: 129->129
[2022-03-10T10:46:52.218+0000][gc,metaspace] GC(41) Metaspace: 39001K(39760K)->39001K(39760K) NonClass: 34474K(35024K)->34474K(35024K) Class: 4526K(4736K)->4526K(4736K)
[2022-03-10T10:46:52.218+0000][gc          ] GC(41) Pause Young (Normal) (G1 Evacuation Pause) 1121M->202M(1768M) 20.476ms
[2022-03-10T10:46:52.218+0000][gc,cpu      ] GC(41) User=0.04s Sys=0.00s Real=0.02s
