[2022-03-10T00:35:05.465+0000][gc] Using G1
[2022-03-10T00:35:05.511+0000][gc,init] Version: 15.0.2+7 (release)
[2022-03-10T00:35:05.511+0000][gc,init] CPUs: 10 total, 2 available
[2022-03-10T00:35:05.511+0000][gc,init] Memory: 6144M
[2022-03-10T00:35:05.511+0000][gc,init] Large Page Support: Disabled
[2022-03-10T00:35:05.511+0000][gc,init] NUMA Support: Disabled
[2022-03-10T00:35:05.511+0000][gc,init] Compressed Oops: Enabled (32-bit)
[2022-03-10T00:35:05.511+0000][gc,init] Heap Region Size: 1M
[2022-03-10T00:35:05.511+0000][gc,init] Heap Min Capacity: 512M
[2022-03-10T00:35:05.511+0000][gc,init] Heap Initial Capacity: 512M
[2022-03-10T00:35:05.512+0000][gc,init] Heap Max Capacity: 512M
[2022-03-10T00:35:05.512+0000][gc,init] Pre-touch: Disabled
[2022-03-10T00:35:05.512+0000][gc,init] Parallel Workers: 2
[2022-03-10T00:35:05.512+0000][gc,init] Concurrent Workers: 1
[2022-03-10T00:35:05.512+0000][gc,init] Concurrent Refinement Workers: 2
[2022-03-10T00:35:05.512+0000][gc,init] Periodic GC: Disabled
[2022-03-10T00:35:05.512+0000][gc,cds ] Mark closed archive regions in map: [0x00000000fff00000, 0x00000000fff7bff8]
[2022-03-10T00:35:05.512+0000][gc,cds ] Mark open archive regions in map: [0x00000000ffe00000, 0x00000000ffe51ff8]
[2022-03-10T00:35:05.512+0000][gc,metaspace] CDS archive(s) mapped at: [0x0000000800000000-0x0000000800b2b000-0x0000000800b2b000), size 11710464, SharedBaseAddress: 0x0000000800000000, ArchiveRelocationMode: 0.
[2022-03-10T00:35:05.512+0000][gc,metaspace] Compressed class space mapped at: 0x0000000800b2c000-0x0000000840b2c000, size: 1073741824
[2022-03-10T00:35:05.512+0000][gc,metaspace] Narrow klass base: 0x0000000800000000, Narrow klass shift: 3, Narrow klass range: 0x100000000
[2022-03-10T01:05:15.605+0000][gc,start    ] GC(0) Pause Young (Normal) (G1 Evacuation Pause)
[2022-03-10T01:05:15.605+0000][gc,task     ] GC(0) Using 2 workers of 2 for evacuation
[2022-03-10T01:05:15.619+0000][gc,phases   ] GC(0)   Pre Evacuate Collection Set: 0.7ms
[2022-03-10T01:05:15.619+0000][gc,phases   ] GC(0)   Merge Heap Roots: 0.1ms
[2022-03-10T01:05:15.619+0000][gc,phases   ] GC(0)   Evacuate Collection Set: 12.6ms
[2022-03-10T01:05:15.619+0000][gc,phases   ] GC(0)   Post Evacuate Collection Set: 0.7ms
[2022-03-10T01:05:15.619+0000][gc,phases   ] GC(0)   Other: 0.6ms
[2022-03-10T01:05:15.620+0000][gc,heap     ] GC(0) Eden regions: 25->0(21)
[2022-03-10T01:05:15.620+0000][gc,heap     ] GC(0) Survivor regions: 0->4(4)
[2022-03-10T01:05:15.620+0000][gc,heap     ] GC(0) Old regions: 0->2
[2022-03-10T01:05:15.620+0000][gc,heap     ] GC(0) Archive regions: 2->2
[2022-03-10T01:05:15.620+0000][gc,heap     ] GC(0) Humongous regions: 0->0
[2022-03-10T01:05:15.620+0000][gc,metaspace] GC(0) Metaspace: 8355K(8704K)->8355K(8704K) NonClass: 7478K(7680K)->7478K(7680K) Class: 876K(1024K)->876K(1024K)
[2022-03-10T01:05:15.620+0000][gc          ] GC(0) Pause Young (Normal) (G1 Evacuation Pause) 25M->6M(512M) 14.824ms
[2022-03-10T01:05:15.620+0000][gc,cpu      ] GC(0) User=0.02s Sys=0.01s Real=0.02s
[2022-03-10T09:53:12.017+0000][gc,start    ] GC(1) Pause Young (Normal) (G1 Evacuation Pause)
[2022-03-10T09:53:12.018+0000][gc,task     ] GC(1) Using 2 workers of 2 for evacuation
[2022-03-10T09:53:12.028+0000][gc,phases   ] GC(1)   Pre Evacuate Collection Set: 0.7ms
[2022-03-10T09:53:12.028+0000][gc,phases   ] GC(1)   Merge Heap Roots: 0.1ms
[2022-03-10T09:53:12.028+0000][gc,phases   ] GC(1)   Evacuate Collection Set: 8.1ms
[2022-03-10T09:53:12.028+0000][gc,phases   ] GC(1)   Post Evacuate Collection Set: 0.7ms
[2022-03-10T09:53:12.028+0000][gc,phases   ] GC(1)   Other: 0.6ms
[2022-03-10T09:53:12.028+0000][gc,heap     ] GC(1) Eden regions: 21->0(24)
[2022-03-10T09:53:12.028+0000][gc,heap     ] GC(1) Survivor regions: 4->1(4)
[2022-03-10T09:53:12.028+0000][gc,heap     ] GC(1) Old regions: 2->6
[2022-03-10T09:53:12.028+0000][gc,heap     ] GC(1) Archive regions: 2->2
[2022-03-10T09:53:12.028+0000][gc,heap     ] GC(1) Humongous regions: 0->0
[2022-03-10T09:53:12.028+0000][gc,metaspace] GC(1) Metaspace: 8381K(8704K)->8381K(8704K) NonClass: 7504K(7680K)->7504K(7680K) Class: 876K(1024K)->876K(1024K)
[2022-03-10T09:53:12.028+0000][gc          ] GC(1) Pause Young (Normal) (G1 Evacuation Pause) 27M->6M(512M) 10.346ms
[2022-03-10T09:53:12.028+0000][gc,cpu      ] GC(1) User=0.01s Sys=0.00s Real=0.01s
